2025-12-15 16:31:55,455 - INFO - 开始处理文件: D:/FinalProject-lite/FinalProject-lite/MC/zzto2mu2e2011.csv, 目标行数: 5000
2025-12-15 16:31:55,456 - INFO - 文件大小: 36,712,651 字节
2025-12-15 16:31:55,456 - INFO - 输出文件将保存至: D:/FinalProject-lite/FinalProject-lite/MC\zzto2mu2e2011_sampled_1765787515.csv
2025-12-15 16:31:55,457 - INFO - 成功读取表头，包含 34 个字段
2025-12-15 16:31:56,001 - INFO - 完成数据读取，总处理行数: 155454
2025-12-15 16:31:56,024 - INFO - 成功写入输出文件: D:/FinalProject-lite/FinalProject-lite/MC\zzto2mu2e2011_sampled_1765787515.csv, 写入行数: 5000
2025-12-15 16:33:00,174 - INFO - 开始处理文件: D:/FinalProject-lite/FinalProject-lite/MC/zzto2mu2e2012.csv, 目标行数: 5000
2025-12-15 16:33:00,175 - INFO - 文件大小: 30,118,121 字节
2025-12-15 16:33:00,175 - INFO - 输出文件将保存至: D:/FinalProject-lite/FinalProject-lite/MC\zzto2mu2e2012_sampled_1765787580.csv
2025-12-15 16:33:00,175 - INFO - 成功读取表头，包含 34 个字段
2025-12-15 16:33:00,591 - INFO - 完成数据读取，总处理行数: 124496
2025-12-15 16:33:00,613 - INFO - 成功写入输出文件: D:/FinalProject-lite/FinalProject-lite/MC\zzto2mu2e2012_sampled_1765787580.csv, 写入行数: 5000
2025-12-15 16:33:28,096 - INFO - 开始处理文件: test_data.csv, 目标行数: 20
2025-12-15 16:33:28,097 - INFO - 文件大小: 166 字节
2025-12-15 16:33:28,097 - INFO - 输出文件将保存至: test_data_sampled_1765787608.csv
2025-12-15 16:33:28,097 - INFO - 成功读取表头，包含 3 个字段
2025-12-15 16:33:28,097 - INFO - 完成数据读取，总处理行数: 10
2025-12-15 16:33:28,097 - INFO - 实际行数 (10) 少于目标行数 (20)，将保存所有行
2025-12-15 16:33:28,097 - INFO - 成功写入输出文件: test_data_sampled_1765787608.csv, 写入行数: 10
2025-12-15 16:33:29,120 - INFO - 开始处理文件: test_data.csv, 目标行数: 5
2025-12-15 16:33:29,120 - INFO - 文件大小: 166 字节
2025-12-15 16:33:29,120 - INFO - 输出文件将保存至: test_data_sampled_1765787609.csv
2025-12-15 16:33:29,120 - INFO - 成功读取表头，包含 3 个字段
2025-12-15 16:33:29,120 - INFO - 完成数据读取，总处理行数: 10
2025-12-15 16:33:29,121 - INFO - 成功写入输出文件: test_data_sampled_1765787609.csv, 写入行数: 5
2025-12-15 16:33:37,821 - INFO - 开始处理文件: D:/FinalProject-lite/FinalProject-lite/MC/zzto4e2011.csv, 目标行数: 5000
2025-12-15 16:33:37,821 - INFO - 文件大小: 34,262,971 字节
2025-12-15 16:33:37,821 - INFO - 输出文件将保存至: D:/FinalProject-lite/FinalProject-lite/MC\zzto4e2011_sampled_1765787617.csv
2025-12-15 16:33:37,822 - INFO - 成功读取表头，包含 34 个字段
2025-12-15 16:33:38,294 - INFO - 完成数据读取，总处理行数: 144999
2025-12-15 16:33:38,312 - INFO - 成功写入输出文件: D:/FinalProject-lite/FinalProject-lite/MC\zzto4e2011_sampled_1765787617.csv, 写入行数: 5000
2025-12-15 16:33:45,070 - INFO - 开始处理文件: D:/FinalProject-lite/FinalProject-lite/MC/zzto4e2012.csv, 目标行数: 5000
2025-12-15 16:33:45,071 - INFO - 文件大小: 26,018,321 字节
2025-12-15 16:33:45,071 - INFO - 输出文件将保存至: D:/FinalProject-lite/FinalProject-lite/MC\zzto4e2012_sampled_1765787625.csv
2025-12-15 16:33:45,077 - INFO - 成功读取表头，包含 34 个字段
2025-12-15 16:33:45,445 - INFO - 完成数据读取，总处理行数: 107496
2025-12-15 16:33:45,467 - INFO - 成功写入输出文件: D:/FinalProject-lite/FinalProject-lite/MC\zzto4e2012_sampled_1765787625.csv, 写入行数: 5000
2025-12-15 16:33:51,548 - INFO - 开始处理文件: D:/FinalProject-lite/FinalProject-lite/MC/zzto4mu2011.csv, 目标行数: 5000
2025-12-15 16:33:51,549 - INFO - 文件大小: 49,451,895 字节
2025-12-15 16:33:51,549 - INFO - 输出文件将保存至: D:/FinalProject-lite/FinalProject-lite/MC\zzto4mu2011_sampled_1765787631.csv
2025-12-15 16:33:51,549 - INFO - 成功读取表头，包含 34 个字段
2025-12-15 16:33:52,274 - INFO - 完成数据读取，总处理行数: 209504
2025-12-15 16:33:52,298 - INFO - 成功写入输出文件: D:/FinalProject-lite/FinalProject-lite/MC\zzto4mu2011_sampled_1765787631.csv, 写入行数: 5000
2025-12-15 16:33:58,020 - INFO - 开始处理文件: D:/FinalProject-lite/FinalProject-lite/MC/zzto4mu2012.csv, 目标行数: 5000
2025-12-15 16:33:58,021 - INFO - 文件大小: 44,448,769 字节
2025-12-15 16:33:58,021 - INFO - 输出文件将保存至: D:/FinalProject-lite/FinalProject-lite/MC\zzto4mu2012_sampled_1765787638.csv
2025-12-15 16:33:58,021 - INFO - 成功读取表头，包含 34 个字段
2025-12-15 16:33:58,610 - INFO - 完成数据读取，总处理行数: 183843
2025-12-15 16:33:58,631 - INFO - 成功写入输出文件: D:/FinalProject-lite/FinalProject-lite/MC\zzto4mu2012_sampled_1765787638.csv, 写入行数: 5000
2025-12-15 16:34:58,916 - INFO - 开始处理文件: D:/FinalProject-lite/FinalProject-lite/MC/higgs2011.csv, 目标行数: 5000
2025-12-15 16:34:58,917 - INFO - 文件大小: 12,340,413 字节
2025-12-15 16:34:58,917 - INFO - 输出文件将保存至: D:/FinalProject-lite/FinalProject-lite/MC\higgs2011_sampled_1765787698.csv
2025-12-15 16:34:58,917 - INFO - 成功读取表头，包含 34 个字段
2025-12-15 16:34:59,101 - INFO - 完成数据读取，总处理行数: 52248
2025-12-15 16:34:59,120 - INFO - 成功写入输出文件: D:/FinalProject-lite/FinalProject-lite/MC\higgs2011_sampled_1765787698.csv, 写入行数: 5000
2025-12-15 16:35:06,982 - INFO - 开始处理文件: D:/FinalProject-lite/FinalProject-lite/MC/higgs2012.csv, 目标行数: 5000
2025-12-15 16:35:06,982 - INFO - 文件大小: 9,587,601 字节
2025-12-15 16:35:06,983 - INFO - 输出文件将保存至: D:/FinalProject-lite/FinalProject-lite/MC\higgs2012_sampled_1765787706.csv
2025-12-15 16:35:06,983 - INFO - 成功读取表头，包含 34 个字段
2025-12-15 16:35:07,124 - INFO - 完成数据读取，总处理行数: 40530
2025-12-15 16:35:07,144 - INFO - 成功写入输出文件: D:/FinalProject-lite/FinalProject-lite/MC\higgs2012_sampled_1765787706.csv, 写入行数: 5000
